Using Key: AIzaSyAUV4...
Testing model: gemini-1.5-flash...
node :   Γ¥î Failed with 
gemini-1.5-flash: 
[GoogleGenerativeAI Error]: Error 
fetching from https://generativelangu
age.googleapis.com/v1beta/models/gemi
ni-1.5-flash:generateContent: [404 
Not Found] models/gemini-1.5-flash 
is not found for API version v1beta, 
or is not supported for 
generateContent. Call ListModels to 
see the list of available models and 
their supported methods.
At line:1 char:1
+ node test-api.js > 
test-results.txt 2>&1
+ ~~~~~~~~~~~~~~~~~~~~~~~~~~~~~~~~~~~
~~~~~
    + CategoryInfo          : NotSpe 
   cified: (  Γ¥î Failed wi...porte  
  d methods.:String) [], RemoteExc   
 eption
    + FullyQualifiedErrorId : Native 
   CommandError
 
Testing model: gemini-1.5-flash-8b...
  Γ¥î Failed with 
gemini-1.5-flash-8b: 
[GoogleGenerativeAI Error]: Error 
fetching from https://generativelangu
age.googleapis.com/v1beta/models/gemi
ni-1.5-flash-8b:generateContent: 
[404 Not Found] 
models/gemini-1.5-flash-8b is not 
found for API version v1beta, or is 
not supported for generateContent. 
Call ListModels to see the list of 
available models and their supported 
methods.
Testing model: gemini-2.0-flash...
  Γ¥î Failed with gemini-2.0-flash: 
[GoogleGenerativeAI Error]: Error 
fetching from https://generativelangu
age.googleapis.com/v1beta/models/gemi
ni-2.0-flash:generateContent: [429 
Too Many Requests] You exceeded your 
current quota, please check your 
plan and billing details. For more 
information on this error, head to: h
ttps://ai.google.dev/gemini-api/docs/
rate-limits. To monitor your current 
usage, head to: 
https://ai.dev/rate-limit. 
Testing model: gemini-1.0-pro...
* Quota exceeded for metric: generati
velanguage.googleapis.com/generate_co
ntent_free_tier_input_token_count, 
limit: 0, model: gemini-2.0-flash
* Quota exceeded for metric: generati
velanguage.googleapis.com/generate_co
ntent_free_tier_requests, limit: 0, 
model: gemini-2.0-flash
* Quota exceeded for metric: generati
velanguage.googleapis.com/generate_co
ntent_free_tier_requests, limit: 0, 
model: gemini-2.0-flash
Please retry in 46.266515818s. [{"@ty
pe":"type.googleapis.com/google.rpc.H
elp","links":[{"description":"Learn 
more about Gemini API quotas","url":"
https://ai.google.dev/gemini-api/docs
/rate-limits"}]},{"@type":"type.googl
eapis.com/google.rpc.QuotaFailure","v
iolations":[{"quotaMetric":"generativ
elanguage.googleapis.com/generate_con
tent_free_tier_input_token_count","qu
otaId":"GenerateContentInputTokensPer
ModelPerMinute-FreeTier","quotaDimens
ions":{"location":"global","model":"g
emini-2.0-flash"}},{"quotaMetric":"ge
nerativelanguage.googleapis.com/gener
ate_content_free_tier_requests","quot
aId":"GenerateRequestsPerMinutePerPro
jectPerModel-FreeTier","quotaDimensio
ns":{"location":"global","model":"gem
ini-2.0-flash"}},{"quotaMetric":"gene
rativelanguage.googleapis.com/generat
e_content_free_tier_requests","quotaI
d":"GenerateRequestsPerDayPerProjectP
erModel-FreeTier","quotaDimensions":{
"location":"global","model":"gemini-2
.0-flash"}}]},{"@type":"type.googleap
is.com/google.rpc.RetryInfo","retryDe
lay":"46s"}]
  Γ¥î Failed with gemini-1.0-pro: 
[GoogleGenerativeAI Error]: Error 
fetching from https://generativelangu
age.googleapis.com/v1beta/models/gemi
ni-1.0-pro:generateContent: [404 Not 
Found] models/gemini-1.0-pro is not 
found for API version v1beta, or is 
not supported for generateContent. 
Call ListModels to see the list of 
available models and their supported 
methods.
